johnsterr@RYZEN7-5800X:/mnt/d/Working/Projects/Netology/docker-practice$ docker pull node:15.14
<3>init: (3523) ERROR: UtilConnectToInteropServer:307: connect failed 2
15.14: Pulling from library/node
bfde2ec33fbc: Pull complete 
787f5e2f1047: Pull complete 
7b6173a10eb8: Pull complete 
dc05be471d51: Pull complete 
55fab5cadd3c: Pull complete 
bd821d20ef8c: Pull complete 
6041b69671c6: Pull complete 
989c5d2d2313: Pull complete 
4b57d41e8391: Pull complete 
Digest: sha256:608bba799613b1ebf754034ae008849ba51e88b23271412427b76d60ae0d0627
Status: Downloaded newer image for node:15.14
docker.io/library/node:15.14
johnsterr@RYZEN7-5800X:/mnt/d/Working/Projects/Netology/docker-practice$ docker run -it --name mynode -e NAME=Evgeniy -e SURNAME=Pashko node:15.14 env
NODE_VERSION=15.14.0
HOSTNAME=ec4470d4949f
YARN_VERSION=1.22.5
HOME=/root
NAME=Evgeniy
TERM=xterm
PATH=/usr/local/sbin:/usr/local/bin:/usr/sbin:/usr/bin:/sbin:/bin
PWD=/
SURNAME=Pashko
johnsterr@RYZEN7-5800X:/mnt/d/Working/Projects/Netology/docker-practice$ docker run -it --name mynode -e NAME=Evgeniy -e SURNAME=Pashko node:15.14
Welcome to Node.js v15.14.0.
Type ".help" for more information.
> console.log(`Привет, ${process.env.NAME} ${process.env.SURNAME}!`)
Привет, Evgeniy Pashko!
undefined
> 
(To exit, press Ctrl+C again or Ctrl+D or type .exit)
> 
johnsterr@RYZEN7-5800X:/mnt/d/Working/Projects/Netology/docker-practice$ docker rmi node:15.14
Error response from daemon: conflict: unable to remove repository reference "node:15.14" (must force) - container d04a4d7ba319 is using its referenced image 3d3f41722daf
johnsterr@RYZEN7-5800X:/mnt/d/Working/Projects/Netology/docker-practice$ docker rmi -f node:15.14
Untagged: node:15.14
Untagged: node@sha256:608bba799613b1ebf754034ae008849ba51e88b23271412427b76d60ae0d0627
Deleted: sha256:3d3f41722daf1a77c34d6eade6676bbffa2d6a2a21095de2ab0c427a5c942fc9
johnsterr@RYZEN7-5800X:/mnt/d/Working/Projects/Netology/docker-practice$ docker rm mynode
mynode
johnsterr@RYZEN7-5800X:/mnt/d/Working/Projects/Netology/docker-practice$ docker ps -a
CONTAINER ID   IMAGE               COMMAND                  CREATED       STATUS                   PORTS     NAMES
e91e95f20f46   docker101tutorial   "/docker-entrypoint.…"   2 hours ago   Exited (0) 2 hours ago             docker-tutorial
7fd9a0275ec7   alpine/git          "git clone https://g…"   2 hours ago   Exited (0) 2 hours ago             repo
johnsterr@RYZEN7-5800X:/mnt/d/Working/Projects/Netology/docker-practice$ docker images
REPOSITORY                    TAG       IMAGE ID       CREATED       SIZE
johnsterr/docker101tutorial   latest    852eb0d94e7b   2 hours ago   28.9MB
docker101tutorial             latest    852eb0d94e7b   2 hours ago   28.9MB
alpine/git                    latest    42a1cda0ba24   8 days ago    43.6MB
