johnsterr@RYZEN7-5800X:/mnt/d/Working/Projects/Netology/docker-practice$ docker pull node:15.14
<3>init: (5624) ERROR: UtilConnectToInteropServer:307: connect failed 2
15.14: Pulling from library/node
bfde2ec33fbc: Pull complete 
787f5e2f1047: Pull complete 
7b6173a10eb8: Pull complete 
dc05be471d51: Pull complete 
55fab5cadd3c: Pull complete 
bd821d20ef8c: Pull complete 
6041b69671c6: Pull complete 
989c5d2d2313: Pull complete 
4b57d41e8391: Pull complete 
Digest: sha256:608bba799613b1ebf754034ae008849ba51e88b23271412427b76d60ae0d0627
Status: Downloaded newer image for node:15.14
docker.io/library/node:15.14
johnsterr@RYZEN7-5800X:/mnt/d/Working/Projects/Netology/docker-practice$ docker run -it -d --name first_node -v ./data:/var/first/data node:15.14
docker: Error response from daemon: create ./data: "./data" includes invalid characters for a local volume name, only "[a-zA-Z0-9][a-zA-Z0-9_.-]" are allowed. If you intended to pass a host directory, use absolute path.
See 'docker run --help'.
johnsterr@RYZEN7-5800X:/mnt/d/Working/Projects/Netology/docker-practice$ docker run -it -d --rm --name first_node -v $PWD/data:/var/first/data node:15.14
f81f40132617c00430a6794f5047393f6926379df92aae31531fb3aa054ba81f
johnsterr@RYZEN7-5800X:/mnt/d/Working/Projects/Netology/docker-practice$ docker run -it -d --rm --name second_node -v $PWD/data:/var/second/data node:15.14
c121ed082034eba501a95dc1429b590a8dc49a2a1656d61c9fa5ec40e4ca6625
johnsterr@RYZEN7-5800X:/mnt/d/Working/Projects/Netology/docker-practice$ docker exec -it first_node /bin/sh
# ls
bin  boot  dev  etc  home  lib  lib64  media  mnt  opt  proc  root  run  sbin  srv  sys  tmp  usr  var
# touch var/first/data/text1.txt
# cd var/first/data
# ls
text1.txt  text2.txt
# 
johnsterr@RYZEN7-5800X:/mnt/d/Working/Projects/Netology/docker-practice$ docker exec -it second_node /bin/sh
# ls var/second/data
text1.txt  text2.txt
# 
johnsterr@RYZEN7-5800X:/mnt/d/Working/Projects/Netology/docker-practice$ docker stop first_node
first_node
johnsterr@RYZEN7-5800X:/mnt/d/Working/Projects/Netology/docker-practice$ docker stop second_node
second_node
johnsterr@RYZEN7-5800X:/mnt/d/Working/Projects/Netology/docker-practice$ docker rmi node
Error: No such image: node
johnsterr@RYZEN7-5800X:/mnt/d/Working/Projects/Netology/docker-practice$ docker rmi node:15.14
Untagged: node:15.14
Untagged: node@sha256:608bba799613b1ebf754034ae008849ba51e88b23271412427b76d60ae0d0627
Deleted: sha256:3d3f41722daf1a77c34d6eade6676bbffa2d6a2a21095de2ab0c427a5c942fc9
Deleted: sha256:601382991a159cfc5013ad973158f30b7b7a913e8d7e547b3456deab3ad98022
Deleted: sha256:d5db49eecae8c02c9ea3a79f89c43ded9162bac118a0302a7b514d0df82aa112
Deleted: sha256:a2c1973858d0aad3de0927294602b17c8ef9050c30e0f461e0868997a08552a4
Deleted: sha256:a0153172017a08a521a8be971ca4dcb5fbc4b7227642c12bbb2da6265bd66b50
Deleted: sha256:f1123940e954d335d91b52a40fab4f8144f38ff113ade7d65663071d0f06da6f
Deleted: sha256:f1f4fbb0e7e6e0ce2d9eae1e577f9f6df0a719dd874bff00b2d08895c75c297d
Deleted: sha256:1eb455ab6d45fdbbd90fccff791ffa228080c052acf464f8da1b1d78650bd706
Deleted: sha256:1dbe832a694971a925d7d216f49b700c95f402bd72288f9d37eceb1d59dcf72d
Deleted: sha256:2f4ee6a2e1b5dfb9236cd262e788f9d39109242ca27a4aacb583c8af66ec3ff7
johnsterr@RYZEN7-5800X:/mnt/d/Working/Projects/Netology/docker-practice$ docker ps -a
CONTAINER ID   IMAGE               COMMAND                  CREATED       STATUS                   PORTS     NAMES
e91e95f20f46   docker101tutorial   "/docker-entrypoint.…"   3 hours ago   Exited (0) 3 hours ago             docker-tutorial
7fd9a0275ec7   alpine/git          "git clone https://g…"   3 hours ago   Exited (0) 3 hours ago             repo
johnsterr@RYZEN7-5800X:/mnt/d/Working/Projects/Netology/docker-practice$ docker images
REPOSITORY                    TAG       IMAGE ID       CREATED       SIZE
johnsterr/docker101tutorial   latest    852eb0d94e7b   3 hours ago   28.9MB
docker101tutorial             latest    852eb0d94e7b   3 hours ago   28.9MB
alpine/git                    latest    42a1cda0ba24   8 days ago    43.6MB
johnsterr@RYZEN7-5800X:/mnt/d/Working/Projects/Netology/docker-practice$ 
